 Downloading crates ...
  Downloaded plotters-svg v0.3.7
  Downloaded boow v0.1.3
  Downloaded askama v0.16.1
  Downloaded foreign-types-macros v0.2.4
  Downloaded block v0.1.6
  Downloaded box_drawing v0.1.2
  Downloaded cfg-if v0.1.10
  Downloaded core-graphics-types v0.2.0
  Downloaded foreign-types-shared v0.3.1
  Downloaded malloc_buf v0.0.6
  Downloaded plotters-backend v0.3.7
  Downloaded readings-probe v0.1.8
  Downloaded scan_fmt v0.2.6
  Downloaded askama_macros v0.16.1
  Downloaded fs2 v0.4.3
  Downloaded foreign-types v0.5.0
  Downloaded tokio-scoped v0.2.0
  Downloaded objc v0.2.7
  Downloaded py_literal v0.4.0
  Downloaded axum-macros v0.5.1
  Downloaded ordered-float v5.5.0
  Downloaded askama_parser v0.16.1
  Downloaded kdam v0.6.4
  Downloaded ndarray-npy v0.10.0
  Downloaded basic-toml v0.1.10
  Downloaded prost-types v0.14.4
  Downloaded askama_derive v0.16.1
  Downloaded ron v0.12.2
  Downloaded zip v6.0.0
  Downloaded plotters v0.3.7
  Downloaded zlib-rs v0.6.7
  Downloaded bindgen v0.73.2
  Downloaded colorous v1.0.16
  Downloaded metal v0.33.0
   Compiling proc-macro2 v1.0.107
   Compiling quote v1.0.47
   Compiling unicode-ident v1.0.24
   Compiling libc v0.2.189
   Compiling autocfg v1.5.1
   Compiling libm v0.2.16
   Compiling zerocopy v0.8.57
   Compiling shlex v2.0.1
   Compiling serde v1.0.229
   Compiling cfg-if v1.0.4
   Compiling find-msvc-tools v0.1.12
   Compiling cc v1.4.6
   Compiling getrandom v0.3.4
   Compiling num-traits v0.2.19
   Compiling syn v3.0.5
   Compiling syn v2.0.119
   Compiling serde_core v1.0.229
   Compiling anyhow v1.0.104
   Compiling crossbeam-utils v0.8.23
   Compiling parking_lot_core v0.9.12
   Compiling crossbeam-epoch v0.9.21
   Compiling matrixmultiply v0.3.11
   Compiling crossbeam-deque v0.8.8
   Compiling rayon-core v1.13.0
   Compiling same-file v1.0.6
   Compiling memo-map v0.3.4
   Compiling walkdir v2.5.0
   Compiling typeid v1.0.3
   Compiling pastey v0.2.3
   Compiling erased-serde v0.4.10
   Compiling zmij v1.0.23
   Compiling memchr v2.8.3
    Checking log v0.4.34
   Compiling either v1.18.0
    Checking rand_core v0.9.5
    Checking bitflags v2.13.2
   Compiling getrandom v0.4.3
    Checking smallvec v1.16.1
    Checking foldhash v0.2.0
    Checking equivalent v1.0.2
    Checking num-integer v0.1.47
    Checking itoa v1.0.18
    Checking allocator-api2 v0.2.21
    Checking scopeguard v1.2.0
    Checking lock_api v0.4.14
    Checking hashbrown v0.16.1
    Checking nom v8.0.0
    Checking parking_lot v0.12.5
    Checking rayon v1.12.0
    Checking rawpointer v0.2.1
    Checking simd-adler32 v0.3.10
    Checking lazy_static v1.5.0
    Checking itertools v0.15.0
   Compiling itertools v0.14.0
   Compiling crc32fast v1.5.2
    Checking nom-language v0.1.0
    Checking adler2 v2.0.1
    Checking dyn-clone v1.0.20
    Checking strength_reduce v0.2.4
    Checking byteorder v1.5.0
    Checking downcast-rs v2.0.2
    Checking dyn-hash v1.0.0
    Checking maplit v1.0.2
    Checking inventory v0.3.24
    Checking transpose v0.2.3
    Checking primal-check v0.3.4
   Compiling rustix v1.1.4
    Checking bit-vec v0.10.1
    Checking linux-raw-sys v0.12.1
    Checking bit-set v0.11.1
    Checking anymap3 v1.1.0
    Checking miniz_oxide v0.9.1
   Compiling serde_json v1.0.151
    Checking zlib-rs v0.6.7
    Checking bytes v1.12.1
    Checking filetime v0.2.29
    Checking flate2 v1.1.10
   Compiling fnv v1.0.7
    Checking float-ord v0.3.2
    Checking num-bigint v0.4.8
   Compiling num-complex v0.4.6
    Checking xattr v1.6.1
    Checking tar v0.4.46
    Checking rand_core v0.10.1
   Compiling ndarray v0.17.2
    Checking num-rational v0.4.2
    Checking once_cell v1.21.4
    Checking stable_deref_trait v1.2.1
   Compiling rustfft v6.4.1
   Compiling regex-syntax v0.8.11
   Compiling aho-corasick v1.1.5
   Compiling regex-automata v0.4.18
   Compiling thiserror v2.0.20
   Compiling regex v1.13.1
    Checking utf8parse v0.2.2
   Compiling glob v0.3.4
    Checking anstyle-parse v1.0.0
    Checking hashbrown v0.17.1
    Checking anstyle-query v1.1.5
    Checking cpufeatures v0.3.1
    Checking anstyle v1.0.14
    Checking colorchoice v1.0.5
    Checking is_terminal_polyfill v1.70.2
    Checking chacha20 v0.10.2
    Checking anstream v1.0.0
    Checking indexmap v2.14.2
    Checking memmap2 v0.9.11
   Compiling zerocopy-derive v0.8.57
   Compiling derive-new v0.7.0
   Compiling prost-derive v0.14.4
   Compiling serde_derive v1.0.229
   Compiling bytemuck_derive v1.12.1
   Compiling thiserror-impl v2.0.20
    Checking rand v0.10.2
   Compiling rustc-hash v2.1.3
    Checking rand_distr v0.6.0
   Compiling fastrand v2.5.0
   Compiling tempfile v3.27.0
   Compiling wait-timeout v0.2.1
   Compiling bit-vec v0.8.0
    Checking prost v0.14.4
   Compiling quick-error v1.2.3
   Compiling jiff-core v0.1.1
   Compiling rusty-fork v0.3.1
    Checking bytemuck v1.25.2
   Compiling jiff v0.2.37
   Compiling bit-set v0.8.0
   Compiling rand v0.9.5
   Compiling rand_xorshift v0.4.0
   Compiling env_filter v2.0.0
   Compiling half v2.7.1
   Compiling ppv-lite86 v0.2.21
   Compiling paste v1.0.15
   Compiling rand_chacha v0.9.0
   Compiling unarray v0.1.4
   Compiling proptest v1.11.0
    Checking string-interner v0.20.0
   Compiling env_logger v0.11.11
   Compiling minijinja v2.24.0
   Compiling tract-data v0.23.9-pre (/home/hosi/churin/.tools/tract-opt/data)
    Checking rand_distr v0.5.1
   Compiling ucd-trie v0.1.7
   Compiling version_check v0.9.5
   Compiling pest v2.9.1
   Compiling winnow v1.0.4
   Compiling askama_parser v0.16.1
   Compiling pest_meta v2.9.1
   Compiling basic-toml v0.1.10
   Compiling heck v0.5.0
    Checking clap_lex v1.1.1
    Checking strsim v0.11.1
   Compiling clap_derive v4.6.7
    Checking clap_builder v4.6.7
   Compiling askama_derive v0.16.1
   Compiling pest_generator v2.9.1
   Compiling cudarc v0.19.9
    Checking bumpalo v3.20.3
    Checking zopfli v0.8.3
    Checking libloading v0.9.0
    Checking arrayvec v0.7.8
   Compiling pest_derive v2.9.1
    Checking py_literal v0.4.0
    Checking zip v6.0.0
    Checking cfg-if v0.1.10
    Checking boow v0.1.3
    Checking ndarray-npy v0.10.0
    Checking box_drawing v0.1.2
    Checking colorous v1.0.16
    Checking nu-ansi-term v0.50.3
    Checking tract-api v0.23.9-pre (/home/hosi/churin/.tools/tract-opt/api)
   Compiling synstructure v0.13.2
   Compiling profiling-procmacros v1.0.18
    Checking clap v4.6.7
    Checking profiling v1.0.18
   Compiling equator-macro v0.4.2
   Compiling zerofrom-derive v0.1.7
   Compiling pkg-config v0.3.34
   Compiling yoke-derive v0.8.2
   Compiling fs2 v0.4.3
    Checking pin-project-lite v0.2.17
    Checking futures-core v0.3.34
    Checking unicode-width v0.2.2
   Compiling zerovec-derive v0.11.6
   Compiling tract-linalg v0.23.9-pre (/home/hosi/churin/.tools/tract-opt/linalg)
   Compiling askama_macros v0.16.1
warning: this expression creates a reference which is immediately dereferenced by the compiler
   --> linalg/src/x86_64/mmm.rs:427:37
    |
427 |         (DatumType::I32, _) => Some(&mmm::avx2_mmm_i32_8x8.name.as_str()),
    |                                     ^^^^^^^^^^^^^^^^^^^^^^^^^^^^^^^^^^^^ help: change this to: `mmm::avx2_mmm_i32_8x8.name.as_str()`
    |
    = help: for further information visit https://rust-lang.github.io/rust-clippy/rust-1.97.0/index.html#needless_borrow
    = note: `#[warn(clippy::needless_borrow)]` on by default

    Checking askama v0.16.1
warning: this expression creates a reference which is immediately dereferenced by the compiler
  --> linalg/src/arm32/mod.rs:50:23
   |
50 |             _ => Some(&armv7neon::armv7neon_mmm_f32_32x1_cortexa7.name.as_str()),
   |                       ^^^^^^^^^^^^^^^^^^^^^^^^^^^^^^^^^^^^^^^^^^^^^^^^^^^^^^^^^ help: change this to: `armv7neon::armv7neon_mmm_f32_32x1_cortexa7.name.as_str()`
   |
   = help: for further information visit https://rust-lang.github.io/rust-clippy/rust-1.97.0/index.html#needless_borrow

warning: this expression creates a reference which is immediately dereferenced by the compiler
  --> linalg/src/arm32/mod.rs:56:23
   |
56 |             _ => Some(&armv7neon::armv7neon_mmm_f32_32x1_cortexa9.name.as_str()),
   |                       ^^^^^^^^^^^^^^^^^^^^^^^^^^^^^^^^^^^^^^^^^^^^^^^^^^^^^^^^^ help: change this to: `armv7neon::armv7neon_mmm_f32_32x1_cortexa9.name.as_str()`
   |
   = help: for further information visit https://rust-lang.github.io/rust-clippy/rust-1.97.0/index.html#needless_borrow

warning: this expression creates a reference which is immediately dereferenced by the compiler
  --> linalg/src/arm32/mod.rs:58:19
   |
58 |         _ => Some(&armv7neon::armv7neon_mmm_f32_32x1_generic.name.as_str()),
   |                   ^^^^^^^^^^^^^^^^^^^^^^^^^^^^^^^^^^^^^^^^^^^^^^^^^^^^^^^^ help: change this to: `armv7neon::armv7neon_mmm_f32_32x1_generic.name.as_str()`
   |
   = help: for further information visit https://rust-lang.github.io/rust-clippy/rust-1.97.0/index.html#needless_borrow

warning: this expression creates a reference which is immediately dereferenced by the compiler
  --> linalg/src/arm32/mod.rs:83:43
   |
83 |         (DatumType::I32, Some(1)) => Some(&armv7neon::armv7neon_mmm_i32_32x1.name.as_str()),
   |                                           ^^^^^^^^^^^^^^^^^^^^^^^^^^^^^^^^^^^^^^^^^^^^^^^^ help: change this to: `armv7neon::armv7neon_mmm_i32_32x1.name.as_str()`
   |
   = help: for further information visit https://rust-lang.github.io/rust-clippy/rust-1.97.0/index.html#needless_borrow

warning: this expression creates a reference which is immediately dereferenced by the compiler
  --> linalg/src/arm32/mod.rs:84:37
   |
84 |         (DatumType::I32, _) => Some(&armv7neon::armv7neon_mmm_i32_8x4.name.as_str()),
   |                                     ^^^^^^^^^^^^^^^^^^^^^^^^^^^^^^^^^^^^^^^^^^^^^^^ help: change this to: `armv7neon::armv7neon_mmm_i32_8x4.name.as_str()`
   |
   = help: for further information visit https://rust-lang.github.io/rust-clippy/rust-1.97.0/index.html#needless_borrow

    Checking equator v0.4.2
warning: `tract-linalg` (lib) generated 6 warnings (run `cargo clippy --fix --lib -p tract-linalg -- ` to apply 6 suggestions)
    Checking tract-core v0.23.9-pre (/home/hosi/churin/.tools/tract-opt/core)
    Checking aligned-vec v0.6.4
    Checking v_frame v0.3.9
    Checking as-slice v0.2.1
   Compiling av-scenechange v0.14.1
   Compiling built v0.8.1
   Compiling rav1e v0.8.1
warning: `tract-linalg` (lib) generated 1 warning (1 duplicate)
    Checking aligned v0.4.3
   Compiling pulp v0.22.3
   Compiling displaydoc v0.2.7
   Compiling arg_enum_proc_macro v0.3.4
    Checking no_std_io2 v0.9.4
   Compiling pastey v0.1.1
    Checking zerofrom v0.1.8
    Checking y4m v0.8.0
    Checking yoke v0.8.3
    Checking quick-error v2.0.1
    Checking static_assertions v1.1.0
    Checking bitstream-io v4.10.0
    Checking zerovec v0.11.8
    Checking av1-grain v0.2.5
   Compiling tokio-macros v2.7.2
   Compiling num-derive v0.4.2
    Checking miniz_oxide v0.8.9
    Checking maybe-rayon v0.1.1
    Checking raw-cpuid v11.6.0
   Compiling simd_helpers v0.1.0
    Checking socket2 v0.6.5
    Checking mio v1.2.3
    Checking new_debug_unreachable v1.0.6
    Checking weezl v0.1.12
    Checking reborrow v0.5.5
    Checking pulp-wasm-simd-flag v0.1.1
   Compiling noop_proc_macro v0.3.0
    Checking imgref v1.12.3
    Checking zune-core v0.5.3
    Checking loop9 v0.1.5
    Checking zune-jpeg v0.5.15
    Checking avif-serialize v0.8.9
    Checking fdeflate v0.3.7
    Checking zune-inflate v0.2.54
    Checking byteorder-lite v0.1.0
    Checking fax v0.2.7
    Checking bit_field v0.10.3
    Checking color_quant v1.1.0
    Checking pxfm v0.1.30
    Checking rgb v0.8.53
    Checking lebe v0.5.3
   Compiling ident_case v1.0.1
   Compiling darling_core v0.20.11
    Checking ravif v0.13.0
    Checking tokio v1.53.1
    Checking exr v1.74.2
    Checking moxcms v0.8.1
    Checking tract-nnef v0.23.9-pre (/home/hosi/churin/.tools/tract-opt/nnef)
    Checking tract-hir v0.23.9-pre (/home/hosi/churin/.tools/tract-opt/hir)
    Checking gif v0.14.2
    Checking tiff v0.11.3
    Checking image-webp v0.2.4
    Checking png v0.18.1
    Checking tinystr v0.8.4
    Checking qoi v0.4.1
    Checking http v1.5.0
   Compiling ring v0.17.14
    Checking tract-transformers v0.23.9-pre (/home/hosi/churin/.tools/tract-opt/transformers)
    Checking tract-pulse-opl v0.23.9-pre (/home/hosi/churin/.tools/tract-opt/pulse-opl)
    Checking zeroize v1.9.0
    Checking writeable v0.6.4
    Checking futures-sink v0.3.34
    Checking litemap v0.8.3
    Checking icu_locale_core v2.3.0
    Checking tract-pulse v0.23.9-pre (/home/hosi/churin/.tools/tract-opt/pulse)
    Checking tract-gpu v0.23.9-pre (/home/hosi/churin/.tools/tract-opt/gpu)
    Checking tract-extra v0.23.9-pre (/home/hosi/churin/.tools/tract-opt/extra)
    Checking tract-onnx-opl v0.23.9-pre (/home/hosi/churin/.tools/tract-opt/onnx-opl)
    Checking tract-cuda v0.23.9-pre (/home/hosi/churin/.tools/tract-opt/cuda)
    Checking tract-onnx v0.23.9-pre (/home/hosi/churin/.tools/tract-opt/onnx)
    Checking rustls-pki-types v1.15.1
    Checking http-body v1.1.0
    Checking image v0.25.10
   Compiling infra v0.1.0 (/home/hosi/churin/.tools/tract-opt/test-rt/infra)
    Checking zerotrie v0.2.5
    Checking potential_utf v0.1.6
    Checking tracing-core v0.1.36
    Checking tract-libcli v0.23.9-pre (/home/hosi/churin/.tools/tract-opt/libcli)
   Compiling rustversion v1.0.23
    Checking percent-encoding v2.3.2
    Checking utf8_iter v1.0.4
   Compiling icu_properties_data v2.3.0
    Checking tract v0.23.9-pre (/home/hosi/churin/.tools/tract-opt/api/rs)
   Compiling suite-unit v0.1.0 (/home/hosi/churin/.tools/tract-opt/test-rt/suite-unit)
   Compiling icu_normalizer_data v2.3.0
    Checking icu_collections v2.3.0
    Checking tracing v0.1.44
    Checking icu_provider v2.3.1
   Compiling onig_sys v69.9.3
    Checking getrandom v0.2.17
    Checking futures-io v0.3.34
   Compiling cfg_aliases v0.2.2
   Compiling home v0.5.12
   Compiling portable-atomic v1.15.0
    Checking ryu v1.0.23
    Checking slab v0.4.12
    Checking futures-task v0.3.34
   Compiling httparse v1.10.1
   Compiling darling_macro v0.20.11
    Checking tower-service v0.3.3
    Checking untrusted v0.9.0
    Checking futures-util v0.3.34
   Compiling suite-onnx v0.1.0 (/home/hosi/churin/.tools/tract-opt/test-rt/suite-onnx)
   Compiling darling v0.20.11
   Compiling derive_builder_core v0.20.2
   Compiling ahash v0.8.12
   Compiling esaxx-rs v0.1.10
    Checking minimal-lexical v0.2.1
    Checking utf16_iter v1.0.5
   Compiling rustls v0.23.45
    Checking write16 v1.0.0
    Checking try-lock v0.2.5
    Checking want v0.3.1
    Checking icu_normalizer v2.3.0
    Checking nom v7.1.3
    Checking icu_properties v2.3.0
    Checking castaway v0.2.4
    Checking rustls-webpki v0.103.15
    Checking form_urlencoded v1.2.2
    Checking futures-channel v0.3.34
    Checking console v0.16.6
    Checking sync_wrapper v1.0.2
   Compiling monostate-impl v0.1.18
    Checking tower-layer v0.3.3
    Checking unicode-segmentation v1.13.3
    Checking atomic-waker v1.1.2
    Checking base64 v0.13.1
   Compiling macro_rules_attribute-proc_macro v0.2.3
    Checking httpdate v1.0.3
    Checking unit-prefix v0.5.2
    Checking subtle v2.6.1
    Checking onig v6.5.3
    Checking indicatif v0.18.6
    Checking macro_rules_attribute v0.2.3
   Compiling suite-pulse v0.1.0 (/home/hosi/churin/.tools/tract-opt/test-rt/suite-pulse)
    Checking hyper v1.11.1
    Checking monostate v0.1.18
    Checking spm_precompiled v0.1.4
    Checking idna_adapter v1.2.2
    Checking compact_str v0.9.1
    Checking rayon-cond v0.4.0
    Checking dary_heap v0.3.9
    Checking unicode-normalization-alignments v0.1.12
    Checking ipnet v2.12.2
    Checking unicode_categories v0.1.1
    Checking base64 v0.22.1
    Checking daachorse v3.0.3
    Checking hyper-util v0.1.20
    Checking idna v1.1.0
    Checking tower v0.5.3
    Checking http-body-util v0.1.5
    Checking openssl-probe v0.2.1
    Checking tokio-rustls v0.26.5
    Checking url v2.5.8
    Checking rustls-native-certs v0.8.4
    Checking libloading v0.8.9
    Checking rustls-platform-verifier v0.7.0
    Checking rustc-hash v1.1.0
    Checking base64 v0.23.1
    Checking mime v0.3.17
    Checking axum-core v0.5.6
    Checking tower-http v0.6.11
    Checking hyper-rustls v0.27.9
    Checking naga-types v30.0.1
    Checking serde_urlencoded v0.7.1
   Compiling naga v30.0.1
    Checking reqwest v0.13.5
    Checking tokio-stream v0.1.19
   Compiling clang-sys v1.9.1
    Checking serde_path_to_error v0.1.20
    Checking matchit v0.8.4
   Compiling semver v1.0.28
   Compiling ash v0.38.0+1.3.281
   Compiling prettyplease v0.3.0
   Compiling derive_builder_macro v0.20.2
    Checking bit-vec v0.9.1
    Checking bit-set v0.10.0
   Compiling rustc_version v0.4.1
    Checking axum v0.8.9
    Checking tokio-scoped v0.2.0
    Checking codespan-reporting v0.13.1
   Compiling wayland-sys v0.31.11
   Compiling axum-macros v0.5.1
    Checking spirv v0.4.0+sdk-1.4.341.0
    Checking raw-window-handle v0.6.2
   Compiling khronos-egl v6.0.0
    Checking derive_builder v0.20.2
    Checking tokenizers v0.23.2
    Checking wgpu-types v30.0.1
   Compiling flatbuffers v25.12.19
    Checking dlib v0.5.3
   Compiling wgpu-hal v30.0.1
   Compiling bindgen v0.73.2
    Checking presser v0.3.1
   Compiling cexpr v0.6.0
    Checking prost-types v0.14.4
    Checking ordered-float v5.5.0
    Checking renderdoc-sys v1.1.0
    Checking glow v0.17.0
    Checking wgpu-naga-bridge v30.0.1
    Checking tract-tensorflow v0.23.9-pre (/home/hosi/churin/.tools/tract-opt/tensorflow)
   Compiling wgpu-core v30.0.1
    Checking terminal_size v0.4.4
   Compiling alloca v0.4.0
    Checking ciborium-io v0.2.2
    Checking hound v3.5.1
   Compiling litrs v1.0.0
    Checking gpu-allocator v0.28.0
    Checking plotters-backend v0.3.7
   Compiling thiserror v1.0.69
    Checking core-foundation-sys v0.8.7
    Checking core-foundation v0.10.1
    Checking plotters-svg v0.3.7
   Compiling document-features v0.2.12
    Checking ciborium-ll v0.2.2
    Checking kdam v0.6.4
    Checking tract-tflite v0.23.9-pre (/home/hosi/churin/.tools/tract-opt/tflite)
    Checking causal_llm v0.1.0 (/home/hosi/churin/.tools/tract-opt/examples/causal_llm)
   Compiling test-unit-core v0.1.0 (/home/hosi/churin/.tools/tract-opt/test-rt/test-unit-core)
   Compiling test-onnx-core v0.20.7-pre (/home/hosi/churin/.tools/tract-opt/test-rt/test-onnx-core)
    Checking wgpu-core-deps-windows-linux-android v30.0.1
   Compiling wgpu v30.0.1
   Compiling foreign-types-macros v0.2.4
   Compiling thiserror-impl v1.0.69
    Checking itertools v0.13.0
    Checking malloc_buf v0.0.6
   Compiling fs-err v3.3.1
    Checking cast v0.3.0
    Checking foreign-types-shared v0.3.1
    Checking criterion-plot v0.8.2
    Checking objc v0.2.7
   Compiling test-cuda v0.1.0 (/home/hosi/churin/.tools/tract-opt/test-rt/test-cuda)
    Checking foreign-types v0.5.0
    Checking ciborium v0.2.2
    Checking plotters v0.3.7
    Checking core-graphics-types v0.2.0
error[E0455]: link kind `framework` is only supported on Apple targets
   --> /home/hosi/.cargo/registry/src/index.crates.io-1949cf8c6b5b557f/core-graphics-types-0.2.0/src/geometry.rs:169:69
    |
169 |     #[cfg_attr(feature = "link", link(name = "CoreGraphics", kind = "framework"))]
    |                                                                     ^^^^^^^^^^^

For more information about this error, try `rustc --explain E0455`.
error: could not compile `core-graphics-types` (lib) due to 1 previous error
warning: build failed, waiting for other jobs to finish...
